ncsim: 10.20-s100: (c) Copyright 1995-2011 Cadence Design Systems, Inc.

-------------------------------------
Relinquished control to SimVision...
ncsim> 
ncsim> database -open waves -into waves.shm -default
Created default SHM database waves
ncsim> probe -create -shm v_m_tb.clk v_m_tb.i v_m_tb.j v_m_tb.rst v_m_tb.x v_m_tb.y
Created probe 1
ncsim> run
 i=0 , j=0 , rst=0 , present_state=xxx , next_state=000 , x=x ,y=x
 product is dilivered 
 product is dilivered and take your change 
 i=0 , j=0 , rst=0 , present_state=000 , next_state=000 , x=0 ,y=0
 i=0 , j=0 , rst=1 , present_state=000 , next_state=000 , x=0 ,y=0
 i=1 , j=0 , rst=0 , present_state=001 , next_state=010 , x=0 ,y=0
 i=1 , j=0 , rst=0 , present_state=010 , next_state=011 , x=0 ,y=0
 product is dilivered 
 i=1 , j=0 , rst=0 , present_state=011 , next_state=000 , x=1 ,y=0
Simulation complete via $finish(1) at time 40 NS + 0
./v_m_tb.v:69 #20 $finish;
ncsim> ^C
ncsim> exit
ncsim: Memory Usage - 20.7M program + 31.9M data = 52.6M total
ncsim: CPU Usage - 146.0s system + 147.1s user = 293.1s total (6555.5s, 4.5% cpu)
